{
  "__class__": "LinkedHashMap",
  "string": "pedro",
  "int": 11,
  "long": 111,
  "float": 1111.0,
  "double": 11111.0,
  "user class": {
    "__class__": "User",
    "id": 2,
    "name": "fran"
  },
  "address class without user": {
    "__class__": "Address",
    "postalCode": {
      "__class__": "PostCode",
      "value": 2
    },
    "streetName": "Elm Street"
  },
  "address class with user": {
    "__class__": "Address",
    "postalCode": {
      "__class__": "PostCode",
      "value": 2
    },
    "streetName": "Elm Street",
    "user": {
      "__class__": "User",
      "id": 9,
      "name": "Sherlok"
    }
  },
  "complex map": {
    "__class__": "LinkedHashMap",
    "string": "pedro",
    "int": 11,
    "long": 111,
    "float": 1111.0,
    "double": 11111.0,
    "user class": {
      "__class__": "User",
      "id": 2,
      "name": "fran"
    },
    "address class without user": {
      "__class__": "Address",
      "postalCode": {
        "__class__": "PostCode",
        "value": 2
      },
      "streetName": "Elm Street"
    },
    "address class with user": {
      "__class__": "Address",
      "postalCode": {
        "__class__": "PostCode",
        "value": 2
      },
      "streetName": "Elm Street",
      "user": {
        "__class__": "User",
        "id": 9,
        "name": "Sherlok"
      }
    }
  }
}